
User: Falak Memon ki counseling timing kya hai?
API Error: Error code: 429 - {'error': {'message': 'Rate limit reached for gpt-4o-mini in organization org-5qmSFW5M4aOEkaphS0sirbhA on tokens per min (TPM): Limit 100000, Used 100000, Requested 10714. Please try again in 77h8m26.88s. Visit https://platform.openai.com/account/rate-limits to learn more. You can increase your rate limit by adding a payment method to your account at https://platform.openai.com/account/billing.', 'type': 'tokens', 'param': None, 'code': 'rate_limit_exceeded'}}
Bot: My cloud neural link is continuously learning. While I expand my database for that specific query, feel free to ask about Attendance, Grading, Fees, or Transport.

User: Sarang Ahmed Friday ko kahan hote hain?
API Error: Error code: 429 - {'error': {'message': 'Rate limit reached for gpt-4o-mini in organization org-5qmSFW5M4aOEkaphS0sirbhA on requests per min (RPM): Limit 3, Used 3, Requested 1. Please try again in 20s. Visit https://platform.openai.com/account/rate-limits to learn more. You can increase your rate limit by adding a payment method to your account at https://platform.openai.com/account/billing.', 'type': 'requests', 'param': None, 'code': 'rate_limit_exceeded'}}
Bot: My cloud neural link is continuously learning. While I expand my database for that specific query, feel free to ask about Attendance, Grading, Fees, or Transport.

User: Umna Iftikhar Tuesday ko available hain?
API Error: Error code: 429 - {'error': {'message': 'Rate limit reached for gpt-4o-mini in organization org-5qmSFW5M4aOEkaphS0sirbhA on requests per min (RPM): Limit 3, Used 3, Requested 1. Please try again in 20s. Visit https://platform.openai.com/account/rate-limits to learn more. You can increase your rate limit by adding a payment method to your account at https://platform.openai.com/account/billing.', 'type': 'requests', 'param': None, 'code': 'rate_limit_exceeded'}}
Bot: My cloud neural link is continuously learning. While I expand my database for that specific query, feel free to ask about Attendance, Grading, Fees, or Transport.
